2023-12-19 13:12:658 INFO  LoginPage :45 - Send Admin to username field : [[ChromeDriver: chrome on windows (04851acfa87b646e1f59e4d55ed05566)] -> xpath: //input[@placeholder='Username']]
2023-12-19 13:12:756 INFO  LoginPage :50 - Send admin123 to password field : [[ChromeDriver: chrome on windows (04851acfa87b646e1f59e4d55ed05566)] -> xpath: //input[@placeholder='Password']]
2023-12-19 13:12:814 INFO  LoginPage :55 - Clicking on Login button : [[ChromeDriver: chrome on windows (04851acfa87b646e1f59e4d55ed05566)] -> xpath: //button[normalize-space()='Login']]
2023-12-19 13:12:808 INFO  DashboardPage :27 - Getting text from : [[ChromeDriver: chrome on windows (04851acfa87b646e1f59e4d55ed05566)] -> xpath: //h6[normalize-space()='Dashboard']]
2023-12-19 13:12:492 INFO  LoginPage :45 - Send Admin to username field : [[ChromeDriver: chrome on windows (5c7b3669a405e691abbe397d66559dac)] -> xpath: //input[@placeholder='Username']]
2023-12-19 13:12:594 INFO  LoginPage :50 - Send admin123 to password field : [[ChromeDriver: chrome on windows (5c7b3669a405e691abbe397d66559dac)] -> xpath: //input[@placeholder='Password']]
2023-12-19 13:12:656 INFO  LoginPage :55 - Clicking on Login button : [[ChromeDriver: chrome on windows (5c7b3669a405e691abbe397d66559dac)] -> xpath: //button[normalize-space()='Login']]
2023-12-19 13:12:392 INFO  HomePage :40 - Verifying orangeHRM Logo from : [[ChromeDriver: chrome on windows (5c7b3669a405e691abbe397d66559dac)] -> xpath: //img[@alt='client brand banner']]
2023-12-19 13:12:989 INFO  LoginPage :45 - Send Admin to username field : [[ChromeDriver: chrome on windows (349833ae95e7ba496c86149f3ca684de)] -> xpath: //input[@placeholder='Username']]
2023-12-19 13:12:73 INFO  LoginPage :50 - Send admin123 to password field : [[ChromeDriver: chrome on windows (349833ae95e7ba496c86149f3ca684de)] -> xpath: //input[@placeholder='Password']]
2023-12-19 13:12:127 INFO  LoginPage :55 - Clicking on Login button : [[ChromeDriver: chrome on windows (349833ae95e7ba496c86149f3ca684de)] -> xpath: //button[normalize-space()='Login']]
2023-12-19 13:12:442 INFO  DashboardPage :33 - Clicking on user profile logo : [[ChromeDriver: chrome on windows (349833ae95e7ba496c86149f3ca684de)] -> xpath: //img[@class='oxd-userdropdown-img']]
2023-12-19 13:12:507 INFO  DashboardPage :38 - Clicking on logout link : [[ChromeDriver: chrome on windows (349833ae95e7ba496c86149f3ca684de)] -> xpath: //a[normalize-space()='Logout']]
2023-12-19 13:12:572 INFO  LoginPage :59 - Verify text for login panel : Proxy element for: DefaultElementLocator 'By.xpath: //h5[normalize-space()='Login']'
2023-12-19 13:12:700 INFO  LoginPage :45 - Send  to username field : [[ChromeDriver: chrome on windows (55123057204d42a2f8d756797a2cbb3c)] -> xpath: //input[@placeholder='Username']]
2023-12-19 13:12:758 INFO  LoginPage :50 - Send  to password field : [[ChromeDriver: chrome on windows (55123057204d42a2f8d756797a2cbb3c)] -> xpath: //input[@placeholder='Password']]
2023-12-19 13:12:823 INFO  LoginPage :55 - Clicking on Login button : [[ChromeDriver: chrome on windows (55123057204d42a2f8d756797a2cbb3c)] -> xpath: //button[normalize-space()='Login']]
2023-12-19 13:12:841 INFO  LoginPage :64 - Getting username field blank error message : [[ChromeDriver: chrome on windows (55123057204d42a2f8d756797a2cbb3c)] -> xpath: //div[@class='orangehrm-login-slot-wrapper']//div[1]//div[1]//span[1]]
2023-12-19 13:12:699 INFO  LoginPage :45 - Send test123@gmail.com to username field : [[ChromeDriver: chrome on windows (b0a87cf11eccad842227a131d9199315)] -> xpath: //input[@placeholder='Username']]
2023-12-19 13:12:770 INFO  LoginPage :50 - Send  to password field : [[ChromeDriver: chrome on windows (b0a87cf11eccad842227a131d9199315)] -> xpath: //input[@placeholder='Password']]
2023-12-19 13:12:827 INFO  LoginPage :55 - Clicking on Login button : [[ChromeDriver: chrome on windows (b0a87cf11eccad842227a131d9199315)] -> xpath: //button[normalize-space()='Login']]
2023-12-19 13:12:841 INFO  LoginPage :69 - Getting password field blank error message : [[ChromeDriver: chrome on windows (b0a87cf11eccad842227a131d9199315)] -> xpath: //span[@class='oxd-text oxd-text--span oxd-input-field-error-message oxd-input-group__message']]
2023-12-19 13:12:657 INFO  LoginPage :45 - Send  to username field : [[ChromeDriver: chrome on windows (b10decaa14ef0754a6ca1d9ad7a2368f)] -> xpath: //input[@placeholder='Username']]
2023-12-19 13:12:738 INFO  LoginPage :50 - Send test123 to password field : [[ChromeDriver: chrome on windows (b10decaa14ef0754a6ca1d9ad7a2368f)] -> xpath: //input[@placeholder='Password']]
2023-12-19 13:12:797 INFO  LoginPage :55 - Clicking on Login button : [[ChromeDriver: chrome on windows (b10decaa14ef0754a6ca1d9ad7a2368f)] -> xpath: //button[normalize-space()='Login']]
2023-12-19 13:12:814 INFO  LoginPage :64 - Getting username field blank error message : [[ChromeDriver: chrome on windows (b10decaa14ef0754a6ca1d9ad7a2368f)] -> xpath: //div[@class='orangehrm-login-slot-wrapper']//div[1]//div[1]//span[1]]
2023-12-19 13:12:391 INFO  LoginPage :45 - Send test123@gmail.com to username field : [[ChromeDriver: chrome on windows (991b837df7150efcb841ec5c5d5f8d02)] -> xpath: //input[@placeholder='Username']]
2023-12-19 13:12:472 INFO  LoginPage :50 - Send test123 to password field : [[ChromeDriver: chrome on windows (991b837df7150efcb841ec5c5d5f8d02)] -> xpath: //input[@placeholder='Password']]
2023-12-19 13:12:531 INFO  LoginPage :55 - Clicking on Login button : [[ChromeDriver: chrome on windows (991b837df7150efcb841ec5c5d5f8d02)] -> xpath: //button[normalize-space()='Login']]
2023-12-19 13:12:117 INFO  LoginPage :74 - Getting invalid credential error message : [[ChromeDriver: chrome on windows (991b837df7150efcb841ec5c5d5f8d02)] -> xpath: //p[@class='oxd-text oxd-text--p oxd-alert-content-text']]
2023-12-19 13:12:49 INFO  LoginPage :45 - Send Admin to username field : [[ChromeDriver: chrome on windows (f0531c296dab87539eed1b04f0d12232)] -> xpath: //input[@placeholder='Username']]
2023-12-19 13:12:130 INFO  LoginPage :50 - Send admin123 to password field : [[ChromeDriver: chrome on windows (f0531c296dab87539eed1b04f0d12232)] -> xpath: //input[@placeholder='Password']]
2023-12-19 13:12:183 INFO  LoginPage :55 - Clicking on Login button : [[ChromeDriver: chrome on windows (f0531c296dab87539eed1b04f0d12232)] -> xpath: //button[normalize-space()='Login']]
2023-12-19 13:12:750 INFO  HomePage :46 - Clicking on Admin link : [[ChromeDriver: chrome on windows (f0531c296dab87539eed1b04f0d12232)] -> xpath: //li[1]//a[1]//span[1]]
2023-12-19 13:12:440 INFO  ViewSystemUsersPage :91 - Verifying System Users text : [[ChromeDriver: chrome on windows (f0531c296dab87539eed1b04f0d12232)] -> xpath: //h5[normalize-space()='System Users']]
2023-12-19 13:12:84 INFO  ViewSystemUsersPage :162 - Clicking on Add button : [[ChromeDriver: chrome on windows (f0531c296dab87539eed1b04f0d12232)] -> xpath: //button[normalize-space()='Add']]
2023-12-19 13:12:395 INFO  AddUsersPage :75 - Verifying AddUser text from : [[ChromeDriver: chrome on windows (f0531c296dab87539eed1b04f0d12232)] -> xpath: //h6[normalize-space()='Add User']]
2023-12-19 13:12:421 INFO  AddUsersPage :80 - Clicking on UserRole drop-down : [[ChromeDriver: chrome on windows (f0531c296dab87539eed1b04f0d12232)] -> xpath: (//div[@class = 'oxd-select-wrapper'])[1]]
2023-12-19 13:12:581 INFO  AddUsersPage :85 - Clicking on Admin option in UserRole drop-down : [[ChromeDriver: chrome on windows (f0531c296dab87539eed1b04f0d12232)] -> xpath: //span[contains(text(),'Admin')]]
2023-12-19 13:12:698 INFO  AddUsersPage :96 - Enter Peter Mac Anderson to Employee Name field : [[ChromeDriver: chrome on windows (f0531c296dab87539eed1b04f0d12232)] -> xpath: //input[@placeholder='Type for hints...']]
2023-12-19 13:12:770 INFO  AddUsersPage :116 - Enter Prime78 to User Name field : [[ChromeDriver: chrome on windows (f0531c296dab87539eed1b04f0d12232)] -> xpath: //div[@class = 'oxd-form-row']//input[@class = 'oxd-input oxd-input--active']]
2023-12-19 13:12:811 INFO  AddUsersPage :101 - Clicking on Status drop-down : [[ChromeDriver: chrome on windows (f0531c296dab87539eed1b04f0d12232)] -> xpath: //div[contains(text(),'-- Select --')]]
2023-12-19 13:12:954 INFO  AddUsersPage :106 - Clicking on Disable option in Status drop-down : [[ChromeDriver: chrome on windows (f0531c296dab87539eed1b04f0d12232)] -> xpath: //span[normalize-space()='Disabled']]
2023-12-19 13:12:52 INFO  AddUsersPage :121 - Enter prime123 to Password field : [[ChromeDriver: chrome on windows (f0531c296dab87539eed1b04f0d12232)] -> xpath: //div[@class='oxd-grid-item oxd-grid-item--gutters user-password-cell']//div[@class='oxd-input-group oxd-input-field-bottom-space']//div//input[@type='password']]
2023-12-19 13:12:122 INFO  AddUsersPage :126 - Enter prime123 to Confirm Password field : [[ChromeDriver: chrome on windows (f0531c296dab87539eed1b04f0d12232)] -> xpath: //div[@class='oxd-grid-item oxd-grid-item--gutters']//div[@class='oxd-input-group oxd-input-field-bottom-space']//div//input[@type='password']]
2023-12-19 13:12:165 INFO  AddUsersPage :131 - Clicking on Save button : [[ChromeDriver: chrome on windows (f0531c296dab87539eed1b04f0d12232)] -> xpath: //button[normalize-space()='Save']]
2023-12-19 13:12:880 INFO  AddUsersPage :140 - Getting User Added Successfully message : Proxy element for: DefaultElementLocator 'By.xpath: //p[@class='oxd-text oxd-text--p oxd-text--toast-message oxd-toast-content-text']'
2023-12-19 13:12:200 INFO  LoginPage :45 - Send Admin to username field : [[ChromeDriver: chrome on windows (7848a2f41e6a8b2d5326b78bf7a5dcfe)] -> xpath: //input[@placeholder='Username']]
2023-12-19 13:12:284 INFO  LoginPage :50 - Send admin123 to password field : [[ChromeDriver: chrome on windows (7848a2f41e6a8b2d5326b78bf7a5dcfe)] -> xpath: //input[@placeholder='Password']]
2023-12-19 13:12:334 INFO  LoginPage :55 - Clicking on Login button : [[ChromeDriver: chrome on windows (7848a2f41e6a8b2d5326b78bf7a5dcfe)] -> xpath: //button[normalize-space()='Login']]
2023-12-19 13:12:503 INFO  HomePage :46 - Clicking on Admin link : [[ChromeDriver: chrome on windows (7848a2f41e6a8b2d5326b78bf7a5dcfe)] -> xpath: //li[1]//a[1]//span[1]]
2023-12-19 13:12:165 INFO  ViewSystemUsersPage :91 - Verifying System Users text : [[ChromeDriver: chrome on windows (7848a2f41e6a8b2d5326b78bf7a5dcfe)] -> xpath: //h5[normalize-space()='System Users']]
2023-12-19 13:12:248 INFO  ViewSystemUsersPage :97 - Enter Prime78 to User Name field : [[ChromeDriver: chrome on windows (7848a2f41e6a8b2d5326b78bf7a5dcfe)] -> xpath: //div[@class='oxd-input-group oxd-input-field-bottom-space']//div//input[@class='oxd-input oxd-input--active']]
2023-12-19 13:12:263 INFO  ViewSystemUsersPage :101 - Clicking on UserRole drop-down : [[ChromeDriver: chrome on windows (7848a2f41e6a8b2d5326b78bf7a5dcfe)] -> xpath: //div[@class='oxd-table-filter-area']//div[2]//div[1]//div[2]//div[1]//div[1]//div[1]]
2023-12-19 13:12:309 INFO  ViewSystemUsersPage :106 - Clicking on Admin option in UserRole drop-down : [[ChromeDriver: chrome on windows (7848a2f41e6a8b2d5326b78bf7a5dcfe)] -> xpath: //span[contains(text(),'Admin')]]
2023-12-19 13:12:486 INFO  ViewSystemUsersPage :117 - Clicking on Status drop-down : [[ChromeDriver: chrome on windows (7848a2f41e6a8b2d5326b78bf7a5dcfe)] -> xpath: (//i)[13]]
2023-12-19 13:12:648 INFO  ViewSystemUsersPage :122 - Clicking on Disable option in Status drop-down : [[ChromeDriver: chrome on windows (7848a2f41e6a8b2d5326b78bf7a5dcfe)] -> xpath: //span[normalize-space()='Disabled']]
2023-12-19 13:12:717 INFO  ViewSystemUsersPage :132 - Clicking on Search button : [[ChromeDriver: chrome on windows (7848a2f41e6a8b2d5326b78bf7a5dcfe)] -> xpath: //button[normalize-space()='Search']]
2023-12-19 13:12:552 INFO  ViewSystemUsersPage :141 - Getting UserName from record : Proxy element for: DefaultElementLocator 'By.xpath: (//div[@data-v-6c07a142])[1]'
2023-12-19 13:12:565 INFO  LoginPage :45 - Send Admin to username field : [[ChromeDriver: chrome on windows (af02948693fd8db960386a3137dbd877)] -> xpath: //input[@placeholder='Username']]
2023-12-19 13:12:652 INFO  LoginPage :50 - Send admin123 to password field : [[ChromeDriver: chrome on windows (af02948693fd8db960386a3137dbd877)] -> xpath: //input[@placeholder='Password']]
2023-12-19 13:12:702 INFO  LoginPage :55 - Clicking on Login button : [[ChromeDriver: chrome on windows (af02948693fd8db960386a3137dbd877)] -> xpath: //button[normalize-space()='Login']]
2023-12-19 13:12:428 INFO  HomePage :46 - Clicking on Admin link : [[ChromeDriver: chrome on windows (af02948693fd8db960386a3137dbd877)] -> xpath: //li[1]//a[1]//span[1]]
2023-12-19 13:12:01 INFO  ViewSystemUsersPage :91 - Verifying System Users text : [[ChromeDriver: chrome on windows (af02948693fd8db960386a3137dbd877)] -> xpath: //h5[normalize-space()='System Users']]
2023-12-19 13:12:101 INFO  ViewSystemUsersPage :97 - Enter Prime78 to User Name field : [[ChromeDriver: chrome on windows (af02948693fd8db960386a3137dbd877)] -> xpath: //div[@class='oxd-input-group oxd-input-field-bottom-space']//div//input[@class='oxd-input oxd-input--active']]
2023-12-19 13:12:116 INFO  ViewSystemUsersPage :101 - Clicking on UserRole drop-down : [[ChromeDriver: chrome on windows (af02948693fd8db960386a3137dbd877)] -> xpath: //div[@class='oxd-table-filter-area']//div[2]//div[1]//div[2]//div[1]//div[1]//div[1]]
2023-12-19 13:12:159 INFO  ViewSystemUsersPage :106 - Clicking on Admin option in UserRole drop-down : [[ChromeDriver: chrome on windows (af02948693fd8db960386a3137dbd877)] -> xpath: //span[contains(text(),'Admin')]]
2023-12-19 13:12:345 INFO  ViewSystemUsersPage :117 - Clicking on Status drop-down : [[ChromeDriver: chrome on windows (af02948693fd8db960386a3137dbd877)] -> xpath: (//i)[13]]
2023-12-19 13:12:606 INFO  ViewSystemUsersPage :122 - Clicking on Disable option in Status drop-down : [[ChromeDriver: chrome on windows (af02948693fd8db960386a3137dbd877)] -> xpath: //span[normalize-space()='Disabled']]
2023-12-19 13:12:659 INFO  ViewSystemUsersPage :132 - Clicking on Search button : [[ChromeDriver: chrome on windows (af02948693fd8db960386a3137dbd877)] -> xpath: //button[normalize-space()='Search']]
2023-12-19 13:12:666 INFO  ViewSystemUsersPage :141 - Getting UserName from record : Proxy element for: DefaultElementLocator 'By.xpath: (//div[@data-v-6c07a142])[1]'
2023-12-19 13:12:447 INFO  LoginPage :45 - Send Admin to username field : [[ChromeDriver: chrome on windows (195f29abac7dd3f98f1e7011a78d2085)] -> xpath: //input[@placeholder='Username']]
2023-12-19 13:12:528 INFO  LoginPage :50 - Send admin123 to password field : [[ChromeDriver: chrome on windows (195f29abac7dd3f98f1e7011a78d2085)] -> xpath: //input[@placeholder='Password']]
2023-12-19 13:12:574 INFO  LoginPage :55 - Clicking on Login button : [[ChromeDriver: chrome on windows (195f29abac7dd3f98f1e7011a78d2085)] -> xpath: //button[normalize-space()='Login']]
2023-12-19 13:12:92 INFO  HomePage :46 - Clicking on Admin link : [[ChromeDriver: chrome on windows (195f29abac7dd3f98f1e7011a78d2085)] -> xpath: //li[1]//a[1]//span[1]]
2023-12-19 13:12:894 INFO  ViewSystemUsersPage :91 - Verifying System Users text : [[ChromeDriver: chrome on windows (195f29abac7dd3f98f1e7011a78d2085)] -> xpath: //h5[normalize-space()='System Users']]
2023-12-19 13:12:983 INFO  ViewSystemUsersPage :97 - Enter Admin to User Name field : [[ChromeDriver: chrome on windows (195f29abac7dd3f98f1e7011a78d2085)] -> xpath: //div[@class='oxd-input-group oxd-input-field-bottom-space']//div//input[@class='oxd-input oxd-input--active']]
2023-12-19 13:12:997 INFO  ViewSystemUsersPage :101 - Clicking on UserRole drop-down : [[ChromeDriver: chrome on windows (195f29abac7dd3f98f1e7011a78d2085)] -> xpath: //div[@class='oxd-table-filter-area']//div[2]//div[1]//div[2]//div[1]//div[1]//div[1]]
2023-12-19 13:12:42 INFO  ViewSystemUsersPage :111 - Clicking on ESS option in UserRole drop-down : [[ChromeDriver: chrome on windows (195f29abac7dd3f98f1e7011a78d2085)] -> xpath: //span[contains(text(),'ESS')]]
2023-12-19 13:12:225 INFO  ViewSystemUsersPage :117 - Clicking on Status drop-down : [[ChromeDriver: chrome on windows (195f29abac7dd3f98f1e7011a78d2085)] -> xpath: (//i)[13]]
2023-12-19 13:12:450 INFO  ViewSystemUsersPage :122 - Clicking on Disable option in Status drop-down : [[ChromeDriver: chrome on windows (195f29abac7dd3f98f1e7011a78d2085)] -> xpath: //span[normalize-space()='Disabled']]
2023-12-19 13:12:503 INFO  ViewSystemUsersPage :132 - Clicking on Search button : [[ChromeDriver: chrome on windows (195f29abac7dd3f98f1e7011a78d2085)] -> xpath: //button[normalize-space()='Search']]
2023-12-19 13:12:737 INFO  ViewSystemUsersPage :166 - Getting OneRecord Found message : Proxy element for: DefaultElementLocator 'By.xpath: //span[normalize-space()='(1) Record Found']'
